     VMA      LMA     Size Align Out     In      Symbol
     194      194       16     1 .interp
     194      194       16     1         <internal>:(.interp)
     1ac      1ac      2e0     4 .dynsym
     1ac      1ac      2e0     4         <internal>:(.dynsym)
     48c      48c       20     4 .gnu.hash
     48c      48c       20     4         <internal>:(.gnu.hash)
     4ac      4ac      178     4 .hash
     4ac      4ac      178     4         <internal>:(.hash)
     624      624      49b     1 .dynstr
     624      624      49b     1         <internal>:(.dynstr)
     ac0      ac0       88     4 .rel.dyn
     ac0      ac0       88     4         <internal>:(.rel.dyn)
     b48      b48       68     4 .ARM.exidx
     b48      b48       68     4         <internal>:(.ARM.exidx)
     bb0      bb0      138     4 .rel.plt
     bb0      bb0      138     4         <internal>:(.rel.plt)
     ce8      ce8      130     4 .ARM.extab
     ce8      ce8       ac     4         lto.tmp:(.ARM.extab.text.main)
     cf0      cf0        0     1                 GCC_except_table0
     d94      d94       24     4         lto.tmp:(.ARM.extab.text.startup)
     d9c      d9c        0     1                 GCC_except_table1
     db8      db8        c     4         lto.tmp:(.ARM.extab.text._ZNSt3__h12basic_stringIcNS_11char_traitsIcEENS_9allocatorIcEEEC2EPKc)
     dc4      dc4       1c     4         lto.tmp:(.ARM.extab.text._ZNSt3__hplIcNS_11char_traitsIcEENS_9allocatorIcEEEENS_12basic_stringIT_T0_T1_EERKS9_SB_)
     dd0      dd0        0     1                 GCC_except_table3
     de0      de0        c     4         lto.tmp:(.ARM.extab.text._ZNSt3__hplIcNS_11char_traitsIcEENS_9allocatorIcEEEENS_12basic_stringIT_T0_T1_EEOS9_RKS9_)
     dec      dec        c     4         lto.tmp:(.ARM.extab.text._ZNKSt3__h12basic_stringIcNS_11char_traitsIcEENS_9allocatorIcEEE6substrEjj)
     df8      df8       20     4         lto.tmp:(.ARM.extab.text._ZN4OHOSL15ReceiveCallbackEhPKv)
     e04      e04        0     1                 GCC_except_table10
     e18      e18      472     1 .rodata
     e18      e18      459     1         <internal>:(.rodata)
    1271     1271        9     1         lto.tmp:(.rodata._ZL11BMS_SERVICE)
    1271     1271        9     1                 BMS_SERVICE
    127a     127a       10     1         lto.tmp:(.rodata._ZL17BMS_INNER_FEATURE)
    127a     127a       10     1                 BMS_INNER_FEATURE
    128c     128c        c     4 .eh_frame_hdr
    128c     128c        c     4         <internal>:(.eh_frame_hdr)
    1298     1298        4     4 .eh_frame
    2000     2000     1410     4 .text
    2000     2000       24     4         /home/harmony/harmony/code/code-1.0/prebuilts/lite/sysroot/usr/lib/arm-liteos/Scrt1.o:(.text)
    2000     2000        0     1                 $a.0
    2000     2000        0     1                 _start
    2020     2020        0     1                 $d.1
    2024     2024       4c     4         /home/harmony/harmony/code/code-1.0/prebuilts/lite/sysroot/usr/lib/arm-liteos/Scrt1.o:(.text._start_c)
    2024     2024        0     1                 $a.2
    2024     2024       4c     1                 _start_c
    2064     2064        0     1                 $d.3
    2070     2070        0     4         /home/harmony/harmony/code/code-1.0/prebuilts/lite/sysroot/usr/lib/arm-liteos/crti.o:(.text)
    2070     2070        0     4         /home/harmony/llvm/lib/clang/9.0.0/lib/arm-liteos/clang_rt.crtbegin.o:(.text)
    2070     2070       78     4         /home/harmony/llvm/lib/clang/9.0.0/lib/arm-liteos/clang_rt.crtbegin.o:(.text.__do_init)
    2070     2070        0     1                 $a.0
    2070     2070       78     1                 __do_init
    20d4     20d4        0     1                 $d.1
    20e8     20e8       6c     4         /home/harmony/llvm/lib/clang/9.0.0/lib/arm-liteos/clang_rt.crtbegin.o:(.text.__do_fini)
    20e8     20e8        0     1                 $a.2
    20e8     20e8       6c     1                 __do_fini
    2144     2144        0     1                 $d.3
    2154     2154        0     4         /home/harmony/llvm/lib/clang/9.0.0/lib/arm-liteos/clang_rt.crtend.o:(.text)
    2154     2154        0     4         /home/harmony/harmony/code/code-1.0/prebuilts/lite/sysroot/usr/lib/arm-liteos/crtn.o:(.text)
    2154     2154        0     4         lto.tmp:(.text)
    2154     2154      a58     4         lto.tmp:(.text.main)
    2154     2154        0     1                 $a.0
    2154     2154      a58     1                 main
    2650     2650        0     1                 $d.1
    266c     266c        0     1                 $a.2
    2abc     2abc        0     1                 $d.3
    2bac     2bac      380     4         lto.tmp:(.text.startup)
    2bac     2bac        0     1                 $a.4
    2bac     2bac      380     1                 _GLOBAL__sub_I_command_parser.cpp
    2ecc     2ecc        0     1                 $d.5
    2f2c     2f2c       68     4         lto.tmp:(.text._ZNSt3__h12basic_stringIcNS_11char_traitsIcEENS_9allocatorIcEEEC2EPKc)
    2f2c     2f2c        0     1                 $a.6
    2f2c     2f2c       68     1                 std::__h::basic_string<char, std::__h::char_traits<char>, std::__h::allocator<char> >::basic_string(char const*)
    2f90     2f90        0     1                 $d.7
    2f94     2f94       bc     4         lto.tmp:(.text._ZNSt3__hplIcNS_11char_traitsIcEENS_9allocatorIcEEEENS_12basic_stringIT_T0_T1_EERKS9_SB_)
    2f94     2f94        0     1                 $a.8
    2f94     2f94       bc     1                 std::__h::basic_string<char, std::__h::char_traits<char>, std::__h::allocator<char> > std::__h::operator+<char, std::__h::char_traits<char>, std::__h::allocator<char> >(std::__h::basic_string<char, std::__h::char_traits<char>, std::__h::allocator<char> > const&, std::__h::basic_string<char, std::__h::char_traits<char>, std::__h::allocator<char> > const&)
    304c     304c        0     1                 $d.9
    3050     3050       78     4         lto.tmp:(.text._ZNSt3__hplIcNS_11char_traitsIcEENS_9allocatorIcEEEENS_12basic_stringIT_T0_T1_EEOS9_RKS9_)
    3050     3050        0     1                 $a.10
    3050     3050       78     1                 std::__h::basic_string<char, std::__h::char_traits<char>, std::__h::allocator<char> > std::__h::operator+<char, std::__h::char_traits<char>, std::__h::allocator<char> >(std::__h::basic_string<char, std::__h::char_traits<char>, std::__h::allocator<char> >&&, std::__h::basic_string<char, std::__h::char_traits<char>, std::__h::allocator<char> > const&)
    30c4     30c4        0     1                 $d.11
    30c8     30c8       50     4         lto.tmp:(.text._ZNSt3__h12basic_stringIcNS_11char_traitsIcEENS_9allocatorIcEEE6__zeroEv)
    30c8     30c8        0     1                 $a.12
    30c8     30c8       50     1                 std::__h::basic_string<char, std::__h::char_traits<char>, std::__h::allocator<char> >::__zero()
    3114     3114        0     1                 $d.13
    3118     3118       cc     4         lto.tmp:(.text._ZNSt3__heqINS_9allocatorIcEEEEbRKNS_12basic_stringIcNS_11char_traitsIcEET_EES9_)
    3118     3118        0     1                 $a.14
    3118     3118       cc     1                 bool std::__h::operator==<std::__h::allocator<char> >(std::__h::basic_string<char, std::__h::char_traits<char>, std::__h::allocator<char> > const&, std::__h::basic_string<char, std::__h::char_traits<char>, std::__h::allocator<char> > const&)
    31e0     31e0        0     1                 $d.15
    31e4     31e4      11c     4         lto.tmp:(.text._ZNK4OHOS13CommandParser9InfoPrintERKNSt3__h12basic_stringIcNS1_11char_traitsIcEENS1_9allocatorIcEEEE)
    31e4     31e4        0     1                 $a.16
    31e4     31e4      11c     1                 OHOS::CommandParser::InfoPrint(std::__h::basic_string<char, std::__h::char_traits<char>, std::__h::allocator<char> > const&) const
    32f0     32f0        0     1                 $d.17
    3300     3300       3c     4         lto.tmp:(.text._ZNKSt3__h12basic_stringIcNS_11char_traitsIcEENS_9allocatorIcEEE6substrEjj)
    3300     3300        0     1                 $a.18
    3300     3300       3c     1                 std::__h::basic_string<char, std::__h::char_traits<char>, std::__h::allocator<char> >::substr(unsigned int, unsigned int) const
    3338     3338        0     1                 $d.19
    333c     333c       34     4         lto.tmp:(.text._ZN4OHOSL17BmToolDeathNotifyEPK10IpcContextPvP5IpcIoS3_)
    333c     333c        0     1                 $a.20
    333c     333c       34     1                 OHOS::BmToolDeathNotify(IpcContext const*, void*, IpcIo*, void*)
    3368     3368        0     1                 $d.21
    3370     3370       a0     4         lto.tmp:(.text._ZN4OHOSL15ReceiveCallbackEhPKv)
    3370     3370        0     1                 $a.22
    3370     3370       a0     1                 OHOS::ReceiveCallback(unsigned char, void const*)
    3404     3404        0     1                 $d.23
    3410     3410        c     1 .init
    3410     3410        4     1         /home/harmony/harmony/code/code-1.0/prebuilts/lite/sysroot/usr/lib/arm-liteos/crti.o:(.init)
    3410     3410        0     1                 $a.0
    3410     3410        0     1                 _init
    3414     3414        8     1         /home/harmony/harmony/code/code-1.0/prebuilts/lite/sysroot/usr/lib/arm-liteos/crtn.o:(.init)
    3414     3414        0     1                 $a.0
    341c     341c        c     1 .fini
    341c     341c        4     1         /home/harmony/harmony/code/code-1.0/prebuilts/lite/sysroot/usr/lib/arm-liteos/crti.o:(.fini)
    341c     341c        0     1                 $a.1
    341c     341c        0     1                 _fini
    3420     3420        8     1         /home/harmony/harmony/code/code-1.0/prebuilts/lite/sysroot/usr/lib/arm-liteos/crtn.o:(.fini)
    3420     3420        0     1                 $a.1
    3430     3430      290    16 .plt
    3430     3430      290    16         <internal>:(.plt)
    4000     4000        8     4 .init_array
    4000     4000        4     4         /home/harmony/llvm/lib/clang/9.0.0/lib/arm-liteos/clang_rt.crtbegin.o:(.init_array)
    4000     4000        4     1                 __init
    4004     4004        4     4         lto.tmp:(.init_array)
    4008     4008        4     4 .fini_array
    4008     4008        4     4         /home/harmony/llvm/lib/clang/9.0.0/lib/arm-liteos/clang_rt.crtbegin.o:(.fini_array)
    4008     4008        4     1                 __fini
    400c     400c       60     4 .data.rel.ro
    400c     400c       60     4         lto.tmp:(.data.rel.ro._ZN4OHOS12_GLOBAL__N_112LONG_OPTIONSE)
    400c     400c       60     1                 OHOS::(anonymous namespace)::LONG_OPTIONS
    406c     406c      100     4 .dynamic
    406c     406c      100     4         <internal>:(.dynamic)
    416c     416c       20     4 .got
    416c     416c       20     4         <internal>:(.got)
    418c     418c       a8     4 .got.plt
    418c     418c       a8     4         <internal>:(.got.plt)
    4234     4234        0     1 .bss.rel.ro
    4234     4234        0     1         <internal>:(.bss.rel.ro)
    5000     5000        4     4 .data
    5000     5000        4     4         /home/harmony/llvm/lib/clang/9.0.0/lib/arm-liteos/clang_rt.crtbegin.o:(.data.__dso_handle)
    5000     5000        4     1                 __dso_handle
    5004     5004      104     4 .bss
    5004     5004        1     1         /home/harmony/llvm/lib/clang/9.0.0/lib/arm-liteos/clang_rt.crtbegin.o:(.bss.__do_init.__initialized)
    5004     5004        1     1                 __do_init.__initialized
    5008     5008       20     4         /home/harmony/llvm/lib/clang/9.0.0/lib/arm-liteos/clang_rt.crtbegin.o:(.bss.__do_init.__object)
    5008     5008       20     1                 __do_init.__object
    5028     5028        1     1         /home/harmony/llvm/lib/clang/9.0.0/lib/arm-liteos/clang_rt.crtbegin.o:(.bss.__do_fini.__finalized)
    5028     5028        1     1                 __do_fini.__finalized
    502c     502c       78     4         lto.tmp:(.bss..L_MergedGlobals)
    502c     502c       78     1                 .L_MergedGlobals
    502c     502c        c     1                 OHOS::(anonymous namespace)::CMD_INSTALL
    5038     5038        c     1                 OHOS::(anonymous namespace)::CMD_UNINSTALL
    5044     5044        c     1                 OHOS::(anonymous namespace)::CMD_DUMP
    5050     5050        c     1                 OHOS::(anonymous namespace)::CMD_ENABLE
    505c     505c        c     1                 OHOS::(anonymous namespace)::INSTALL_HELP_MESSAGE
    5068     5068        c     1                 OHOS::(anonymous namespace)::UNINSTALL_HELP_MESSAGE
    5074     5074        c     1                 OHOS::(anonymous namespace)::DUMP_HELP_MESSAGE
    5080     5080        c     1                 OHOS::(anonymous namespace)::ENABLE_HELP_MESSAGE
    508c     508c        c     1                 OHOS::(anonymous namespace)::HELP_MESSAGE
    5098     5098        c     1                 OHOS::(anonymous namespace)::ERROR_COMMAND
    50a4     50a4       64     4         lto.tmp:(.bss..L_MergedGlobals.3)
    50a4     50a4       64     1                 .L_MergedGlobals.3
    50a4     50a4        c     1                 OHOS::(anonymous namespace)::ERROR_OPTION
    50b0     50b0        c     1                 OHOS::(anonymous namespace)::ERROR_INSTALL_PATH
    50bc     50bc        c     1                 OHOS::(anonymous namespace)::ERROR_EXTRA_PARAMETER
    50c8     50c8        c     1                 OHOS::(anonymous namespace)::ERROR_SEM_ERROR
    50d4     50d4        c     1                 OHOS::(anonymous namespace)::ERROR_DUMP_FAIL
    50e0     50e0        c     1                 OHOS::(anonymous namespace)::ERROR_DUMP_ERROR
    50ec     50ec        c     1                 OHOS::(anonymous namespace)::SHORT_OPTIONS
    50f8     50f8       10     1                 OHOS::(anonymous namespace)::g_sem
    5108     5108        0     1         <internal>:(.bss)
       0        0       db     1 .comment
       0        0       db     1         <internal>:(.comment)
       0        0       38     1 .ARM.attributes
       0        0       38     1         /home/harmony/harmony/code/code-1.0/prebuilts/lite/sysroot/usr/lib/arm-liteos/Scrt1.o:(.ARM.attributes)
       0        0      d70     4 .symtab
       0        0      d70     4         <internal>:(.symtab)
       0        0      10e     1 .shstrtab
       0        0      10e     1         <internal>:(.shstrtab)
       0        0      bbb     1 .strtab
       0        0      bbb     1         <internal>:(.strtab)
